MPLINK 4.49, Linker
Linker Map File - Created Sat Nov 14 23:57:58 2020

                                 Section Info
                  Section       Type    Address   Location Size(Bytes)
                ---------  ---------  ---------  ---------  ---------
                   .org_0       code   0x000000    program   0x000000
                   .org_1       code   0x000000    program   0x000004
                   .org_2       code   0x000008    program   0x000002
                   .org_3       code   0x000018    program   0x000018



                              Program Memory Usage 
                               Start         End      
                           ---------   ---------      
                            0x000000    0x000003      
                            0x000008    0x000009      
                            0x000018    0x00002f      
            30 out of 33048 program addresses used, program memory utilization is 0%



                              Symbols - Sorted by Name
                     Name    Address   Location    Storage File                     
                ---------  ---------  ---------  --------- ---------                
                     loop   0x00001a    program     static H:\Introduction to Microcontroller\QUIZ\quiz 5\Q5Q2.asm
                   rotate   0x00002a    program     static H:\Introduction to Microcontroller\QUIZ\quiz 5\Q5Q2.asm
                    start   0x000024    program     static H:\Introduction to Microcontroller\QUIZ\quiz 5\Q5Q2.asm



                              Symbols - Sorted by Address
                     Name    Address   Location    Storage File                     
                ---------  ---------  ---------  --------- ---------                
                     loop   0x00001a    program     static H:\Introduction to Microcontroller\QUIZ\quiz 5\Q5Q2.asm
                    start   0x000024    program     static H:\Introduction to Microcontroller\QUIZ\quiz 5\Q5Q2.asm
                   rotate   0x00002a    program     static H:\Introduction to Microcontroller\QUIZ\quiz 5\Q5Q2.asm


